---
source: crates/ctx-core/tests/golden.rs
expression: response
---
{
  "tokens": {
    "total_tokens": 207,
    "file_map_tokens": 37,
    "instructions_tokens": 12,
    "contents_tokens": 158,
    "files": [
      {
        "root_id": "root-0",
        "path": "alpha.rs",
        "display_path": "fixtures/alpha.rs",
        "mode": "codemap_only",
        "token_count": 77,
        "segments": [
          {
            "label": "codemap",
            "start_line": null,
            "end_line": null,
            "token_count": 54
          }
        ]
      },
      {
        "root_id": "root-0",
        "path": "nested/beta.rs",
        "display_path": "fixtures/nested/beta.rs",
        "mode": "slices",
        "token_count": 50,
        "segments": [
          {
            "label": "lines 1-2",
            "start_line": 1,
            "end_line": 2,
            "token_count": 7
          }
        ]
      },
      {
        "root_id": "root-0",
        "path": "notes.txt",
        "display_path": "fixtures/notes.txt",
        "mode": "full",
        "token_count": 31,
        "segments": [
          {
            "label": "full",
            "start_line": 1,
            "end_line": 3,
            "token_count": 10
          }
        ]
      }
    ]
  }
}
